1 ошибка
2 внимание